// Jest Snapshot v1, https://goo.gl/fbAQLP

exports[`Login container should render without crashing 1`] = `ShallowWrapper {}`;
