// Jest Snapshot v1, https://goo.gl/fbAQLP

exports[`Register container should render without crashing  1`] = `ShallowWrapper {}`;
