// Jest Snapshot v1, https://goo.gl/fbAQLP

exports[`LoginComponent should render without crashing 1`] = `ShallowWrapper {}`;
