// Jest Snapshot v1, https://goo.gl/fbAQLP

exports[`parcel list component should render without fail 1`] = `ShallowWrapper {}`;
